// Jest Snapshot v1, https://goo.gl/fbAQLP

exports[`renders with an anchor 1`] = `
<ul
  className="UserBar__list"
  style={
    Object {
      "visibility": "hidden",
    }
  }
>
  <li
    className="UserBar__item UserBar__item"
  >
    Loading
  </li>
</ul>
`;
