// Jest Snapshot v1, https://goo.gl/fbAQLP

exports[`renders 1`] = `
<a
  className="Button"
  href="https://example.com/"
>
  Click here
</a>
`;
